
> rpr-react-mothership@4.28.0 build
> tsc && vite build

vite v5.4.21 building for production...
transforming...
✓ 4932 modules transformed.
Generated an empty chunk: "firebase".
rendering chunks...
computing gzip size...
dist/index.html                                         1.19 kB │ gzip:   0.62 kB
dist/assets/index-DB4FOm9I.css                         23.78 kB │ gzip:   5.52 kB
dist/assets/firebase-l0sNRNKZ.js                        0.00 kB │ gzip:   0.02 kB
dist/assets/clone-B4qkBORA.js                           0.09 kB │ gzip:   0.11 kB
dist/assets/channel-CFbBeFF5.js                         0.11 kB │ gzip:   0.12 kB
dist/assets/init-Gi6I4Gst.js                            0.15 kB │ gzip:   0.13 kB
dist/assets/chunk-QZHKN3VN-Ct2F6Rl4.js                  0.19 kB │ gzip:   0.16 kB
dist/assets/chunk-55IACEB6-Cwtr26ry.js                  0.23 kB │ gzip:   0.20 kB
dist/assets/chunk-4BX2VUAB-BzIq9ZUY.js                  0.29 kB │ gzip:   0.20 kB
dist/assets/chunk-FMBD7UC4-kHn0bO5G.js                  0.36 kB │ gzip:   0.27 kB
dist/assets/stateDiagram-v2-4FDKWEC3-Bq6nU3gp.js        0.41 kB │ gzip:   0.29 kB
dist/assets/classDiagram-2ON5EDUG-B473R6gY.js           0.45 kB │ gzip:   0.31 kB
dist/assets/classDiagram-v2-WZHVMYZB-B473R6gY.js        0.45 kB │ gzip:   0.31 kB
dist/assets/chunk-QN33PNHL-CS8fKw8L.js                  0.53 kB │ gzip:   0.37 kB
dist/assets/min-DxJRubN6.js                             0.59 kB │ gzip:   0.37 kB
dist/assets/infoDiagram-WHAUD3N6-BE2dJGQv.js            0.67 kB │ gzip:   0.45 kB
dist/assets/ordinal-Cboi1Yqb.js                         1.19 kB │ gzip:   0.57 kB
dist/assets/chunk-TZMSLE5B-B6dSk03r.js                  1.41 kB │ gzip:   0.62 kB
dist/assets/ui-FPk07GVN.js                              1.99 kB │ gzip:   1.05 kB
dist/assets/arc-B1S6ibx-.js                             3.43 kB │ gzip:   1.48 kB
dist/assets/diagram-S2PKOQOG-F3A2py1a.js                4.32 kB │ gzip:   1.90 kB
dist/assets/defaultLocale-DX6XiGOO.js                   4.69 kB │ gzip:   2.18 kB
dist/assets/pieDiagram-ADFJNKIX-DFvl8qzG.js             5.25 kB │ gzip:   2.33 kB
dist/assets/linear-DxdaQB7V.js                          5.65 kB │ gzip:   2.30 kB
dist/assets/diagram-QEK2KX5R-BVjbIH91.js                6.04 kB │ gzip:   2.55 kB
dist/assets/_baseUniq-CRSr_-Ww.js                       8.49 kB │ gzip:   3.53 kB
dist/assets/graph-7zTo_Bqz.js                           9.36 kB │ gzip:   3.20 kB
dist/assets/stateDiagram-FKZM4ZOC-Xxp5mMYI.js          10.40 kB │ gzip:   3.65 kB
dist/assets/dagre-6UL2VRFP-CBEJj3nD.js                 11.28 kB │ gzip:   4.21 kB
dist/assets/diagram-PSM6KHXK-BnR_GNv0.js               15.97 kB │ gzip:   5.71 kB
dist/assets/kanban-definition-3W4ZIXB7-RnoSvs6-.js     20.62 kB │ gzip:   7.26 kB
dist/assets/mindmap-definition-VGOIOE7T-UQlvBdZq.js    21.06 kB │ gzip:   7.35 kB
dist/assets/sankeyDiagram-TZEHDZUN-CXjkqRKv.js         22.25 kB │ gzip:   8.16 kB
dist/assets/journeyDiagram-XKPGCS4Q-CU4CkVl1.js        23.57 kB │ gzip:   8.34 kB
dist/assets/timeline-definition-IT6M3QCI-C7VhHKlu.js   23.74 kB │ gzip:   8.30 kB
dist/assets/gitGraphDiagram-NY62KEGX-D9wmEAzb.js       24.71 kB │ gzip:   7.60 kB
dist/assets/erDiagram-Q2GNP2WA-B-YmqzzW.js             25.36 kB │ gzip:   8.87 kB
dist/assets/layout-aI7qlgwa.js                         29.28 kB │ gzip:  10.52 kB
dist/assets/requirementDiagram-UZGBJVZJ-CP-axlU1.js    30.28 kB │ gzip:   9.51 kB
dist/assets/quadrantDiagram-AYHSOK5B-CCaQXC58.js       34.34 kB │ gzip:  10.12 kB
dist/assets/chunk-DI55MBZ5-DBzXUTja.js                 36.78 kB │ gzip:  11.97 kB
dist/assets/xychartDiagram-PRI3JC2R-xWAg00dn.js        40.23 kB │ gzip:  11.45 kB
dist/assets/chunk-B4BG7PRW-BvwNo-4f.js                 45.40 kB │ gzip:  14.73 kB
dist/assets/flowDiagram-NV44I4VS-V0wvrv6j.js           61.12 kB │ gzip:  19.60 kB
dist/assets/ganttDiagram-JELNMOA3-C-v1t3EK.js          68.07 kB │ gzip:  23.04 kB
dist/assets/c4Diagram-YG6GDRKO-2E9UBzdv.js             70.16 kB │ gzip:  19.70 kB
dist/assets/blockDiagram-VD42YOAC-EfAWjJ1h.js          73.17 kB │ gzip:  20.84 kB
dist/assets/cose-bilkent-S5V4N54A-BcxZkJsx.js          81.57 kB │ gzip:  22.45 kB
dist/assets/sequenceDiagram-WL72ISMW-6ZvLK6tn.js       98.12 kB │ gzip:  26.96 kB
dist/assets/architectureDiagram-VXUJARFQ-DZYYSkR7.js  148.74 kB │ gzip:  42.17 kB
dist/assets/vendor-u-Ej1GIb.js                        153.01 kB │ gzip:  49.64 kB
dist/assets/katex-CBSAILhF.js                         262.60 kB │ gzip:  77.51 kB
dist/assets/treemap-KMMF4GRG-xhvAthvF.js              374.76 kB │ gzip:  92.80 kB
dist/assets/cytoscape.esm-CyJtwmzi.js                 442.41 kB │ gzip: 141.90 kB
dist/assets/index-DQLInzKt.js                         526.97 kB │ gzip: 150.22 kB

(!) Some chunks are larger than 500 kB after minification. Consider:
- Using dynamic import() to code-split the application
- Use build.rollupOptions.output.manualChunks to improve chunking: https://rollupjs.org/configuration-options/#output-manualchunks
- Adjust chunk size limit for this warning via build.chunkSizeWarningLimit.
✓ built in 24.50s
